// Jest Snapshot v1, https://goo.gl/fbAQLP

exports[`Button component matches snapshot 1`] = `
<DocumentFragment>
  <button
    class="inline-flex items-center gap-2 button button-primary custom-class border-0"
    data-testid="button"
    type="button"
  >
    <span>
      Snapshot
    </span>
    <span>
      *
    </span>
  </button>
</DocumentFragment>
`;
